Erreur syntaxique symbole "," attendu
Erreur syntaxique symbole ";" attendu
Erreur syntaxique operateur ":=" attendu
